
> frontend@0.1.0 build
> next build

  Γû▓ Next.js 14.2.35
  - Environments: .env.local

   Creating an optimized production build ...
 Γ£ô Compiled successfully
   Linting and checking validity of types ...
node.exe : Failed to compile.
At line:1 char:1
+ & 
"C:\nvm4w\nodejs/node.exe" "C
:\nvm4w\nodejs/node_modules/n
pm/bin/np ...
+ ~~~~~~~~~~~~~~~~~~~~~~~~~~~
~~~~~~~~~~~~~~~~~~~~~~~~~~~~~
~~~~~~~~~~~~~
    + CategoryInfo          
: NotSpecified: (Failed to 
compile.:String) [], Rem    
oteException
    + FullyQualifiedErrorId 
: NativeCommandError
 

./app/(admin)/partners/page.t
sx:114:80
Type error: Property 'phone' 
does not exist on type 
'Partner'.

[0m [90m 112 |[39m        
                   [33m<[39
m[33mdiv[39m[33m>[39m[0m
[0m [90m 113 |[39m        
                     
[33m<[39m[33mp[39m classN
ame[33m=[39m[32m"text-sm 
font-bold text-navy"[39m[33
m>[39m{partner[33m.[39mnam
e}[33m<[39m[33m/[39m[33m
p[39m[33m>[39m[0m
[0m[31m[1m>[22m[39m[90m
 114 |[39m                  
           
[33m<[39m[33mp[39m classN
ame[33m=[39m[32m"text-xs t
ext-ink-secondary"[39m[33m>
[39m{partner[33m.[39mphone
}[33m<[39m[33m/[39m[33mp
[39m[33m>[39m[0m
[0m [90m     |[39m        
                             
                             
              
[31m[1m^[22m[39m[0m
[0m [90m 115 |[39m        
                   [33m<[39
m[33m/[39m[33mdiv[39m[33
m>[39m[0m
[0m [90m 116 |[39m        
                 [33m<[39m
[33m/[39m[33mdiv[39m[33m>
[39m[0m
[0m [90m 117 |[39m        
               [33m<[39m[3
3m/[39m[33mtd[39m[33m>[3
9m[0m
Next.js build worker exited 
with code: 1 and signal: null
